// Jest Snapshot v1, https://goo.gl/fbAQLP

exports[`Namespace Resolver Correctly Resolves Namespace Query 1`] = `"Cannot rea' of undefined"`;
